
> nutrihelp-api@1.0.0 test
> mocha ./test/**/*.test.js

node.exe : 
At line:1 char:1
+ & "C:\Program Files\
nodejs/node.exe" 
"C:\Program 
Files\nodejs/node_mo 
...
+ ~~~~~~~~~~~~~~~~~~~~
~~~~~~~~~~~~~~~~~~~~~~
~~~~~~~~~~~~~~~~~~~~~~
~~~~~
    + CategoryInfo    
          : NotSpeci  
  fied: (:String) [   
 ], RemoteExceptio    
n
    + FullyQualifiedE 
   rrorId : NativeCo  
  mmandError
 
 Exception during 
run: ReferenceError: 
jest is not defined
    at 
Object.<anonymous> 
(H:\Deakin Study 
Material\Trimester 
3\Gopher Industry\Nutr
ihelp-web\Nutrihelp-ap
i\test\barcodeScanning
.test.js:14:1)
    at 
Module._compile (node:
internal/modules/cjs/l
oader:1761:14)
    at Object..js (nod
e:internal/modules/cjs
/loader:1893:10)
    at Module.load (no
de:internal/modules/cj
s/loader:1481:32)
    at Module._load (n
ode:internal/modules/c
js/loader:1300:12)
    at TracingChannel.
traceSync (node:diagno
stics_channel:328:14)
    at wrapModuleLoad 
(node:internal/modules
/cjs/loader:245:24)
    at loadCJSModuleWi
thModuleLoad (node:int
ernal/modules/esm/tran
slators:336:3)
    at ModuleWrap.<ano
nymous> (node:internal
/modules/esm/translato
rs:239:7)
    at ModuleJob.run (
node:internal/modules/
esm/module_job:377:25)
    at async onImport.
tracePromise.__proto__
 (node:internal/module
s/esm/loader:671:26)
    at async 
formattedImport 
(H:\Deakin Study 
Material\Trimester 
3\Gopher Industry\Nutr
ihelp-web\Nutrihelp-ap
i\node_modules\mocha\l
ib\nodejs\esm-utils.js
:10:14)
    at async 
Object.requireModule 
[as requireOrImport] 
(H:\Deakin Study 
Material\Trimester 
3\Gopher Industry\Nutr
ihelp-web\Nutrihelp-ap
i\node_modules\mocha\l
ib\nodejs\esm-utils.js
:102:30)
    at async exports.l
oadFilesAsync 
(H:\Deakin Study 
Material\Trimester 
3\Gopher Industry\Nutr
ihelp-web\Nutrihelp-ap
i\node_modules\mocha\l
ib\nodejs\esm-utils.js
:137:20)
    at async 
singleRun (H:\Deakin 
Study 
Material\Trimester 
3\Gopher Industry\Nutr
ihelp-web\Nutrihelp-ap
i\node_modules\mocha\l
ib\cli\run-helpers.js:
168:3)
    at async 
exports.handler 
(H:\Deakin Study 
Material\Trimester 
3\Gopher Industry\Nutr
ihelp-web\Nutrihelp-ap
i\node_modules\mocha\l
ib\cli\run.js:379:5)
